// Jest Snapshot v1, https://goo.gl/fbAQLP

exports[`Home page renders without errors 1`] = `[Function]`;
